2646  execve("./encdrv", ["./encdrv", "testcases/testcase.3", "output/output.3"], 0x7fffe7c26498 /* 18 vars */) = 0
2646  brk(NULL)                         = 0x5a99a42e9000
2646  arch_prctl(0x3001 /* ARCH_??? */, 0x7ffc7970c4a0) = -1 EINVAL (Invalid argument)
2646  mmap(NULL, 8192, PROT_READ|PROT_WRITE, MAP_PRIVATE|MAP_ANONYMOUS, -1, 0) = 0x7e31dc316000
2646  access("/etc/ld.so.preload", R_OK) = -1 ENOENT (No such file or directory)
2646  openat(AT_FDCWD, "/etc/ld.so.cache", O_RDONLY|O_CLOEXEC) = 3
2646  newfstatat(3, "", {st_mode=S_IFREG|0644, st_size=29392, ...}, AT_EMPTY_PATH) = 0
2646  mmap(NULL, 29392, PROT_READ, MAP_PRIVATE, 3, 0) = 0x7e31dc30e000
2646  close(3)                          = 0
2646  openat(AT_FDCWD, "/lib/x86_64-linux-gnu/libc.so.6", O_RDONLY|O_CLOEXEC) = 3
2646  read(3, "\177ELF\2\1\1\3\0\0\0\0\0\0\0\0\3\0>\0\1\0\0\0P\237\2\0\0\0\0\0"..., 832) = 832
2646  pread64(3, "\6\0\0\0\4\0\0\0@\0\0\0\0\0\0\0@\0\0\0\0\0\0\0@\0\0\0\0\0\0\0"..., 784, 64) = 784
2646  pread64(3, "\4\0\0\0 \0\0\0\5\0\0\0GNU\0\2\0\0\300\4\0\0\0\3\0\0\0\0\0\0\0"..., 48, 848) = 48
2646  pread64(3, "\4\0\0\0\24\0\0\0\3\0\0\0GNU\0\325\31p\226\367\t\200\30)\261\30\257\33|\366c"..., 68, 896) = 68
2646  newfstatat(3, "", {st_mode=S_IFREG|0755, st_size=2220400, ...}, AT_EMPTY_PATH) = 0
2646  pread64(3, "\6\0\0\0\4\0\0\0@\0\0\0\0\0\0\0@\0\0\0\0\0\0\0@\0\0\0\0\0\0\0"..., 784, 64) = 784
2646  mmap(NULL, 2264656, PROT_READ, MAP_PRIVATE|MAP_DENYWRITE, 3, 0) = 0x7e31dc0e5000
2646  mprotect(0x7e31dc10d000, 2023424, PROT_NONE) = 0
2646  mmap(0x7e31dc10d000, 1658880, PROT_READ|PROT_EXEC, MAP_PRIVATE|MAP_FIXED|MAP_DENYWRITE, 3, 0x28000) = 0x7e31dc10d000
2646  mmap(0x7e31dc2a2000, 360448, PROT_READ, MAP_PRIVATE|MAP_FIXED|MAP_DENYWRITE, 3, 0x1bd000) = 0x7e31dc2a2000
2646  mmap(0x7e31dc2fb000, 24576, PROT_READ|PROT_WRITE, MAP_PRIVATE|MAP_FIXED|MAP_DENYWRITE, 3, 0x215000) = 0x7e31dc2fb000
2646  mmap(0x7e31dc301000, 52816, PROT_READ|PROT_WRITE, MAP_PRIVATE|MAP_FIXED|MAP_ANONYMOUS, -1, 0) = 0x7e31dc301000
2646  close(3)                          = 0
2646  mmap(NULL, 12288, PROT_READ|PROT_WRITE, MAP_PRIVATE|MAP_ANONYMOUS, -1, 0) = 0x7e31dc0e2000
2646  arch_prctl(ARCH_SET_FS, 0x7e31dc0e2740) = 0
2646  set_tid_address(0x7e31dc0e2a10)   = 2646
2646  set_robust_list(0x7e31dc0e2a20, 24) = 0
2646  rseq(0x7e31dc0e30e0, 0x20, 0, 0x53053053) = 0
2646  mprotect(0x7e31dc2fb000, 16384, PROT_READ) = 0
2646  mprotect(0x5a999314d000, 4096, PROT_READ) = 0
2646  mprotect(0x7e31dc350000, 8192, PROT_READ) = 0
2646  prlimit64(0, RLIMIT_STACK, NULL, {rlim_cur=8192*1024, rlim_max=RLIM64_INFINITY}) = 0
2646  munmap(0x7e31dc30e000, 29392)     = 0
2646  openat(AT_FDCWD, "testcases/testcase.3", O_RDONLY) = 3
2646  openat(AT_FDCWD, "output/output.3", O_WRONLY|O_CREAT, 0644) = 4
2646  pipe2([5, 6], 0)                  = 0
2646  pipe2([7, 8], 0)                  = 0
2646  clone(child_stack=NULL, flags=CLONE_CHILD_CLEARTID|CLONE_CHILD_SETTID|SIGCHLD, child_tidptr=0x7e31dc0e2a10) = 2647
2646  close(8 <unfinished ...>
2647  set_robust_list(0x7e31dc0e2a20, 24 <unfinished ...>
2646  <... close resumed>)              = 0
2647  <... set_robust_list resumed>)    = 0
2646  close(5)                          = 0
2646  read(3,  <unfinished ...>
2647  dup2(5, 0 <unfinished ...>
2646  <... read resumed>"#include<stdio.h>\n#include<stdli"..., 1000) = 908
2647  <... dup2 resumed>)               = 0
2647  dup2(8, 1 <unfinished ...>
2646  write(6, "18\n", 3 <unfinished ...>
2647  <... dup2 resumed>)               = 1
2646  <... write resumed>)              = 3
2647  close(7 <unfinished ...>
2646  write(6, "#include<stdio.h>\n", 18 <unfinished ...>
2647  <... close resumed>)              = 0
2646  <... write resumed>)              = 18
2647  close(8 <unfinished ...>
2646  write(6, "19\n", 3 <unfinished ...>
2647  <... close resumed>)              = 0
2646  <... write resumed>)              = 3
2647  close(5 <unfinished ...>
2646  write(6, "#include<stdlib.h>\n", 19 <unfinished ...>
2647  <... close resumed>)              = 0
2646  <... write resumed>)              = 19
2647  close(6 <unfinished ...>
2646  write(6, "19\n", 3 <unfinished ...>
2647  <... close resumed>)              = 0
2646  <... write resumed>)              = 3
2647  execve("./encrypt", ["encrypt"], 0x7ffc7970c688 /* 18 vars */ <unfinished ...>
2646  write(6, "#include<assert.h>\n", 19) = 19
2646  write(6, "1\n", 2)                = 2
2646  write(6, "\n", 1)                 = 1
2646  write(6, "31\n", 3)               = 3
2646  write(6, "#define MAX_CHARS_IN_LINE 5000\n", 31) = 31
2646  write(6, "1\n", 2)                = 2
2647  <... execve resumed>)             = 0
2646  write(6, "\n", 1)                 = 1
2646  write(6, "23\n", 3 <unfinished ...>
2647  brk(NULL <unfinished ...>
2646  <... write resumed>)              = 3
2647  <... brk resumed>)                = 0x57d4f6592000
2646  write(6, "int get_len(FILE *fpt)\n", 23) = 23
2647  arch_prctl(0x3001 /* ARCH_??? */, 0x7ffd8147bff0 <unfinished ...>
2646  write(6, "2\n", 2 <unfinished ...>
2647  <... arch_prctl resumed>)         = -1 EINVAL (Invalid argument)
2646  <... write resumed>)              = 2
2646  write(6, "{\n", 2 <unfinished ...>
2647  mmap(NULL, 8192, PROT_READ|PROT_WRITE, MAP_PRIVATE|MAP_ANONYMOUS, -1, 0 <unfinished ...>
2646  <... write resumed>)              = 2
2647  <... mmap resumed>)               = 0x7c958f407000
2646  write(6, "17\n", 3 <unfinished ...>
2647  access("/etc/ld.so.preload", R_OK <unfinished ...>
2646  <... write resumed>)              = 3
2647  <... access resumed>)             = -1 ENOENT (No such file or directory)
2646  write(6, "   char buf[32];\n", 17 <unfinished ...>
2647  openat(AT_FDCWD, "/etc/ld.so.cache", O_RDONLY|O_CLOEXEC <unfinished ...>
2646  <... write resumed>)              = 17
2646  write(6, "19\n", 3 <unfinished ...>
2647  <... openat resumed>)             = 5
2646  <... write resumed>)              = 3
2647  newfstatat(5, "",  <unfinished ...>
2646  write(6, "   int ctr = 0;   \n", 19 <unfinished ...>
2647  <... newfstatat resumed>{st_mode=S_IFREG|0644, st_size=29392, ...}, AT_EMPTY_PATH) = 0
2646  <... write resumed>)              = 19
2647  mmap(NULL, 29392, PROT_READ, MAP_PRIVATE, 5, 0 <unfinished ...>
2646  write(6, "22\n", 3 <unfinished ...>
2647  <... mmap resumed>)               = 0x7c958f3ff000
2646  <... write resumed>)              = 3
2647  close(5 <unfinished ...>
2646  write(6, "   while(!feof(fpt)){\n", 22 <unfinished ...>
2647  <... close resumed>)              = 0
2646  <... write resumed>)              = 22
2646  write(6, "25\n", 3 <unfinished ...>
2647  openat(AT_FDCWD, "/lib/x86_64-linux-gnu/libc.so.6", O_RDONLY|O_CLOEXEC <unfinished ...>
2646  <... write resumed>)              = 3
2646  write(6, "\t   int ch = fgetc(fpt);\n", 25 <unfinished ...>
2647  <... openat resumed>)             = 5
2646  <... write resumed>)              = 25
2647  read(5,  <unfinished ...>
2646  write(6, "18\n", 3 <unfinished ...>
2647  <... read resumed>"\177ELF\2\1\1\3\0\0\0\0\0\0\0\0\3\0>\0\1\0\0\0P\237\2\0\0\0\0\0"..., 832) = 832
2646  <... write resumed>)              = 3
2647  pread64(5,  <unfinished ...>
2646  write(6, "\t   if(feof(fpt))\n", 18 <unfinished ...>
2647  <... pread64 resumed>"\6\0\0\0\4\0\0\0@\0\0\0\0\0\0\0@\0\0\0\0\0\0\0@\0\0\0\0\0\0\0"..., 784, 64) = 784
2646  <... write resumed>)              = 18
2647  pread64(5,  <unfinished ...>
2646  write(6, "12\n", 3 <unfinished ...>
2647  <... pread64 resumed>"\4\0\0\0 \0\0\0\5\0\0\0GNU\0\2\0\0\300\4\0\0\0\3\0\0\0\0\0\0\0"..., 48, 848) = 48
2646  <... write resumed>)              = 3
2647  pread64(5,  <unfinished ...>
2646  write(6, "\t\t exit(0);\n", 12 <unfinished ...>
2647  <... pread64 resumed>"\4\0\0\0\24\0\0\0\3\0\0\0GNU\0\325\31p\226\367\t\200\30)\261\30\257\33|\366c"..., 68, 896) = 68
2646  <... write resumed>)              = 12
2647  newfstatat(5, "",  <unfinished ...>
2646  write(6, "20\n", 3 <unfinished ...>
2647  <... newfstatat resumed>{st_mode=S_IFREG|0755, st_size=2220400, ...}, AT_EMPTY_PATH) = 0
2646  <... write resumed>)              = 3
2647  pread64(5,  <unfinished ...>
2646  write(6, "\t   if(ch == '\\n'){\n", 20 <unfinished ...>
2647  <... pread64 resumed>"\6\0\0\0\4\0\0\0@\0\0\0\0\0\0\0@\0\0\0\0\0\0\0@\0\0\0\0\0\0\0"..., 784, 64) = 784
2646  <... write resumed>)              = 20
2647  mmap(NULL, 2264656, PROT_READ, MAP_PRIVATE|MAP_DENYWRITE, 5, 0 <unfinished ...>
2646  write(6, "16\n", 3 <unfinished ...>
2647  <... mmap resumed>)               = 0x7c958f1d6000
2646  <... write resumed>)              = 3
2647  mprotect(0x7c958f1fe000, 2023424, PROT_NONE <unfinished ...>
2646  write(6, "\t\tbuf[ctr] = 0;\n", 16 <unfinished ...>
2647  <... mprotect resumed>)           = 0
2646  <... write resumed>)              = 16
2647  mmap(0x7c958f1fe000, 1658880, PROT_READ|PROT_EXEC, MAP_PRIVATE|MAP_FIXED|MAP_DENYWRITE, 5, 0x28000 <unfinished ...>
2646  write(6, "20\n", 3)               = 3
2647  <... mmap resumed>)               = 0x7c958f1fe000
2646  write(6, "\t\treturn atoi(buf);\n", 20 <unfinished ...>
2647  mmap(0x7c958f393000, 360448, PROT_READ, MAP_PRIVATE|MAP_FIXED|MAP_DENYWRITE, 5, 0x1bd000 <unfinished ...>
2646  <... write resumed>)              = 20
2647  <... mmap resumed>)               = 0x7c958f393000
2646  write(6, "6\n", 2 <unfinished ...>
2647  mmap(0x7c958f3ec000, 24576, PROT_READ|PROT_WRITE, MAP_PRIVATE|MAP_FIXED|MAP_DENYWRITE, 5, 0x215000 <unfinished ...>
2646  <... write resumed>)              = 2
2646  write(6, "\t   }\n", 6 <unfinished ...>
2647  <... mmap resumed>)               = 0x7c958f3ec000
2646  <... write resumed>)              = 6
2646  write(6, "19\n", 3 <unfinished ...>
2647  mmap(0x7c958f3f2000, 52816, PROT_READ|PROT_WRITE, MAP_PRIVATE|MAP_FIXED|MAP_ANONYMOUS, -1, 0 <unfinished ...>
2646  <... write resumed>)              = 3
2647  <... mmap resumed>)               = 0x7c958f3f2000
2646  write(6, "\t   buf[ctr] = ch;\n", 19) = 19
2647  close(5 <unfinished ...>
2646  write(6, "11\n", 3 <unfinished ...>
2647  <... close resumed>)              = 0
2646  <... write resumed>)              = 3
2646  write(6, "\t   ++ctr;\n", 11 <unfinished ...>
2647  mmap(NULL, 12288, PROT_READ|PROT_WRITE, MAP_PRIVATE|MAP_ANONYMOUS, -1, 0 <unfinished ...>
2646  <... write resumed>)              = 11
2647  <... mmap resumed>)               = 0x7c958f1d3000
2646  write(6, "18\n", 3 <unfinished ...>
2647  arch_prctl(ARCH_SET_FS, 0x7c958f1d3740 <unfinished ...>
2646  <... write resumed>)              = 3
2647  <... arch_prctl resumed>)         = 0
2646  write(6, "\t   if(ctr >= 10)\n", 18 <unfinished ...>
2647  set_tid_address(0x7c958f1d3a10 <unfinished ...>
2646  <... write resumed>)              = 18
2647  <... set_tid_address resumed>)    = 2647
2646  write(6, "16\n", 3 <unfinished ...>
2647  set_robust_list(0x7c958f1d3a20, 24 <unfinished ...>
2646  <... write resumed>)              = 3
2647  <... set_robust_list resumed>)    = 0
2646  write(6, "\t\t   return -1;\n", 16 <unfinished ...>
2647  rseq(0x7c958f1d40e0, 0x20, 0, 0x53053053 <unfinished ...>
2646  <... write resumed>)              = 16
2647  <... rseq resumed>)               = 0
2646  write(6, "9\n", 2)                = 2
2646  write(6, "   }\t   \n", 9)        = 9
2647  mprotect(0x7c958f3ec000, 16384, PROT_READ <unfinished ...>
2646  write(6, "17\n", 3 <unfinished ...>
2647  <... mprotect resumed>)           = 0
2646  <... write resumed>)              = 3
2647  mprotect(0x57d4d4568000, 4096, PROT_READ <unfinished ...>
2646  write(6, "   if(feof(fpt))\n", 17 <unfinished ...>
2647  <... mprotect resumed>)           = 0
2646  <... write resumed>)              = 17
2647  mprotect(0x7c958f441000, 8192, PROT_READ <unfinished ...>
2646  write(6, "13\n", 3 <unfinished ...>
2647  <... mprotect resumed>)           = 0
2646  <... write resumed>)              = 3
2646  write(6, "\t   exit(0);\n", 13 <unfinished ...>
2647  prlimit64(0, RLIMIT_STACK, NULL,  <unfinished ...>
2646  <... write resumed>)              = 13
2647  <... prlimit64 resumed>{rlim_cur=8192*1024, rlim_max=RLIM64_INFINITY}) = 0
2646  write(6, "21\n", 3)               = 3
2647  munmap(0x7c958f3ff000, 29392 <unfinished ...>
2646  write(6, "   return atoi(buf);\n", 21) = 21
2647  <... munmap resumed>)             = 0
2646  write(6, "2\n", 2)                = 2
2647  newfstatat(0, "",  <unfinished ...>
2646  write(6, "}\n", 2 <unfinished ...>
2647  <... newfstatat resumed>{st_mode=S_IFIFO|0600, st_size=0, ...}, AT_EMPTY_PATH) = 0
2646  <... write resumed>)              = 2
2647  getrandom( <unfinished ...>
2646  write(6, "15\n", 3 <unfinished ...>
2647  <... getrandom resumed>"\xc3\x48\x50\xf8\xc8\x1a\xad\xc3", 8, GRND_NONBLOCK) = 8
2646  <... write resumed>)              = 3
2647  brk(NULL <unfinished ...>
2646  write(6, "int main(void)\n", 15 <unfinished ...>
2647  <... brk resumed>)                = 0x57d4f6592000
2646  <... write resumed>)              = 15
2647  brk(0x57d4f65b3000 <unfinished ...>
2646  write(6, "2\n", 2 <unfinished ...>
2647  <... brk resumed>)                = 0x57d4f65b3000
2646  <... write resumed>)              = 2
2646  write(6, "{\n", 2 <unfinished ...>
2647  read(0,  <unfinished ...>
2646  <... write resumed>)              = 2
2647  <... read resumed>"18\n#include<stdio.h>\n19\n#include"..., 4096) = 512
2646  write(6, "18\n", 3)               = 3
2647  newfstatat(1, "",  <unfinished ...>
2646  write(6, "   int num_chars;\n", 18 <unfinished ...>
2647  <... newfstatat resumed>{st_mode=S_IFIFO|0600, st_size=0, ...}, AT_EMPTY_PATH) = 0
2646  <... write resumed>)              = 18
2647  write(1, "18\n1{|q~gvw.afv{}<z,\30", 21 <unfinished ...>
2646  write(6, "33\n", 3 <unfinished ...>
2647  <... write resumed>)              = 21
2646  <... write resumed>)              = 3
2647  write(1, "19\n0z}p\177fwv/`gw\177zq={-\31", 22 <unfinished ...>
2646  write(6, "   char line[MAX_CHARS_IN_LINE];"..., 33 <unfinished ...>
2647  <... write resumed>)              = 22
2646  <... write resumed>)              = 33
2647  write(1, "19\n0z}p\177fwv/r``vag={-\31", 22 <unfinished ...>
2646  write(6, "1\n", 2 <unfinished ...>
2647  <... write resumed>)              = 22
2646  <... write resumed>)              = 2
2647  write(1, "1\n\v", 3 <unfinished ...>
2646  write(6, "\n", 1 <unfinished ...>
2647  <... write resumed>)              = 3
2646  <... write resumed>)              = 1
2647  write(1, "31\n<{zyvqz?R^G@\\W^ML@VQ@SVQZ?*//"..., 34 <unfinished ...>
2646  write(6, "13\n", 3 <unfinished ...>
2647  <... write resumed>)              = 34
2646  <... write resumed>)              = 3
2647  write(1, "1\n\v", 3 <unfinished ...>
2646  write(6, "   while(1){\n", 13 <unfinished ...>
2647  <... write resumed>)              = 3
2646  <... write resumed>)              = 13
2647  write(1, "23\n~yc7prcH{ry?Q^[R7=qgc>\35", 26 <unfinished ...>
2646  write(6, "35\n", 3 <unfinished ...>
2647  <... write resumed>)              = 26
2646  <... write resumed>)              = 3
2647  write(1, "2\ny\10", 4 <unfinished ...>
2646  write(6, "       num_chars = get_len(stdin"..., 35 <unfinished ...>
2647  <... write resumed>)              = 4
2646  <... write resumed>)              = 35
2647  write(1, "17\n111rypc1sdwJ\"#L*\33", 20 <unfinished ...>
2646  write(6, "58\n", 3 <unfinished ...>
2647  <... write resumed>)              = 20
2646  <... write resumed>)              = 3
2647  write(1, "19\n333z}g3pga3.3#(333\31", 22 <unfinished ...>
2646  write(6, "       if(num_chars < 0 || num_c"..., 58 <unfinished ...>
2647  <... write resumed>)              = 22
2646  <... write resumed>)              = 58
2647  write(1, "22\n666a~\177zs>7psyp>pfb??m\34", 25 <unfinished ...>
2646  write(6, "18\n", 3 <unfinished ...>
2647  <... write resumed>)              = 25
2646  <... write resumed>)              = 3
2647  write(1, "25\n\20999pwm9zq9$9\177~|mz1\177im0\"\23", 28 <unfinished ...>
2646  write(6, "\t      return -1;\n", 18 <unfinished ...>
2647  <... write resumed>)              = 28
2646  <... write resumed>)              = 18
2647  write(1, "18\n\033222{t:tw}t:tbf;;\30", 21 <unfinished ...>
2646  write(6, "55\n", 3 <unfinished ...>
2647  <... write resumed>)              = 21
2646  <... write resumed>)              = 3
2647  write(1, "12\n\5\5,itex$<%7\6", 15 <unfinished ...>
2646  write(6, "       //fprintf(stderr, \"num ch"..., 55 <unfinished ...>
2647  <... write resumed>)              = 15
2646  <... write resumed>)              = 55
2647  write(1, "20\n\035444}r<w|4))43Hz3=o\36", 23 <unfinished ...>
2646  write(6, "34\n", 3 <unfinished ...>
2647  <... write resumed>)              = 23
2646  <... write resumed>)              = 3
2647  write(1, "16\n\31\31revKsdbM0-0 +\32", 19 <unfinished ...>
2646  write(6, "       printf(\"%d\\n\", num_chars)"..., 34 <unfinished ...>
2647  <... write resumed>)              = 19
2646  <... write resumed>)              = 34
2647  write(1, "20\n\35\35fq`afz4u`{}<var=/\36", 23 <unfinished ...>
2646  write(6, "1\n", 2 <unfinished ...>
2647  <... write resumed>)              = 23
2646  <... write resumed>)              = 2
2647  write(1, "6\n\17&&&{\f", 8 <unfinished ...>
2646  write(6, "\n", 1 <unfinished ...>
2647  <... write resumed>)              = 8
2646  <... write resumed>)              = 1
2647  write(1, "19\n\032333qfuHpgaN3.3p{(\31", 22 <unfinished ...>
2646  write(6, "57\n", 3 <unfinished ...>
2647  <... write resumed>)              = 22
2646  <... write resumed>)              = 3
2647  write(1, "11\n\2+++  h\177y0\1", 14 <unfinished ...>
2646  write(6, "       if(fread(line, 1, num_cha"..., 57 <unfinished ...>
2647  <... write resumed>)              = 14
2646  <... write resumed>)              = 57
2647  write(1, "18\n\033222{t:qf`2,/2#\";\30", 21 <unfinished ...>
2646  write(6, "18\n", 3 <unfinished ...>
2647  <... write resumed>)              = 21
2646  <... write resumed>)              = 3
2647  write(1, "16\n\31\031000budeb~0=!+\32", 19 <unfinished ...>
2646  write(6, "\t       return 0;\n", 18 <unfinished ...>
2647  <... write resumed>)              = 19
2646  <... write resumed>)              = 18
2647  write(1, "9\n)))t\0)))\3", 11 <unfinished ...>
2646  write(6, "39\n", 3 <unfinished ...>
2647  <... write resumed>)              = 11
2646  <... write resumed>)              = 3
2647  write(1, "17\n111xw9wt~w9wae88\33", 20 <unfinished ...>
2646  write(6, "       for(int i=0; i<num_chars;"..., 39 <unfinished ...>
2647  <... write resumed>)              = 20
2646  <... write resumed>)              = 39
2647  write(1, "13\n\4---hudy%=$6\7", 16 <unfinished ...>
2646  write(6, "42\n", 3 <unfinished ...>
2647  <... write resumed>)              = 16
2646  <... write resumed>)              = 3
2647  write(1, "21\n555gpa`g{5taz|=w`s<.\37", 24 <unfinished ...>
2646  write(6, "\t     putchar(line[i] ^ (num_cha"..., 42 <unfinished ...>
2647  <... write resumed>)              = 24
2646  <... write resumed>)              = 42
2647  write(1, "2\n\177\10", 4 <unfinished ...>
2646  write(6, "9\n", 2 <unfinished ...>
2647  <... write resumed>)              = 4
2646  <... write resumed>)              = 2
2647  write(1, "15\nfa{/bnfa'y`fk&\5", 18 <unfinished ...>
2646  write(6, "       }\n", 9 <unfinished ...>
2647  <... write resumed>)              = 18
2646  <... write resumed>)              = 9
2647  write(1, "2\ny\10", 4 <unfinished ...>
2646  write(6, "23\n", 3 <unfinished ...>
2647  <... write resumed>)              = 4
2646  <... write resumed>)              = 3
2647  read(0,  <unfinished ...>
2646  write(6, "       fflush(stdout);\n", 23 <unfinished ...>
2647  <... read resumed>"18\n   int num_chars;\n33\n   char "..., 4096) = 476
2646  <... write resumed>)              = 23
2647  write(1, "18\n222{|f2|g\177Mqzs`a)\30", 21 <unfinished ...>
2646  write(6, "5\n", 2 <unfinished ...>
2647  <... write resumed>)              = 21
2646  <... write resumed>)              = 2
2647  write(1, "33\n\1\1\1BI@S\1MHODzl`y~bi`sr~ho~mho"..., 36 <unfinished ...>
2646  write(6, "   }\n", 5 <unfinished ...>
2647  <... write resumed>)              = 36
2646  <... write resumed>)              = 5
2647  write(1, "1\n\v", 3 <unfinished ...>
2646  write(6, "15\n", 3 <unfinished ...>
2647  <... write resumed>)              = 3
2646  <... write resumed>)              = 3
2647  write(1, "13\n---zedah%<$v\7", 16 <unfinished ...>
2646  write(6, "   return 0;  \n", 15 <unfinished ...>
2647  <... write resumed>)              = 16
2646  <... write resumed>)              = 15
2647  write(1, "35\n\3\3\3\3\3\3\3MVN|@KBQP\3\36\3DFW|OFM\vPW"..., 38 <unfinished ...>
2646  write(6, "2\n", 2 <unfinished ...>
2647  <... write resumed>)              = 38
2646  <... write resumed>)              = 2
2647  write(1, "58\n\32\32\32\32\32\32\32S\\\22TOWeYR[HI\32\6\32\n\32FF\32TO"..., 61 <unfinished ...>
2646  write(6, "}\n", 2 <unfinished ...>
2647  <... write resumed>)              = 61
2646  <... write resumed>)              = 2
2647  write(1, "18\n\033222222`wfg`|2?#)\30", 21 <unfinished ...>
2646  read(3,  <unfinished ...>
2647  <... write resumed>)              = 21
2646  <... read resumed>"", 1000)       = 0
2647  write(1, "55\n\27\27\27\27\27\27\27\30\30QGE^YCQ\37DCSREE\33\27\25YBZ"..., 58 <unfinished ...>
2646  close(6 <unfinished ...>
2647  <... write resumed>)              = 58
2646  <... close resumed>)              = 0
2647  write(1, "34\n\2\2\2\2\2\2\2RPKLVD\n\0\7F~L\0\16\2LWO}AJC"..., 37 <unfinished ...>
2646  read(7,  <unfinished ...>
2647  <... write resumed>)              = 37
2646  <... read resumed>"18\n1{|q~gvw.afv{}<z,\03019\n0z}p\177fwv"..., 1000) = 803
2647  write(1, "1\n\v", 3 <unfinished ...>
2646  write(4, "18\n1{|q~gvw.afv{}<z,\03019\n0z}p\177fwv"..., 803 <unfinished ...>
2647  <... write resumed>)              = 3
2647  write(1, "57\n\31\31\31\31\31\31\31P_\21_K\\X]\21UPW\\\25\31\10\25\31WLTf"..., 60 <unfinished ...>
2646  <... write resumed>)              = 803
2647  <... write resumed>)              = 60
2646  read(7,  <unfinished ...>
2647  write(1, "18\n\0332222222`wfg`|2\")\30", 21 <unfinished ...>
2646  <... read resumed>"1\n\v57\n\31\31\31\31\31\31\31P_\21_K\\X]\21UPW\\\25\31\10\25\31W"..., 1000) = 63
2647  <... write resumed>)              = 21
2646  write(4, "1\n\v57\n\31\31\31\31\31\31\31P_\21_K\\X]\21UPW\\\25\31\10\25\31W"..., 63 <unfinished ...>
2647  write(1, "39\n\7\7\7\7\7\7\7AHU\17NIS\7N\32\27\34\7N\33IRJxDOF"..., 42 <unfinished ...>
2646  <... write resumed>)              = 63
2647  <... write resumed>)              = 42
2646  read(7,  <unfinished ...>
2647  write(1, "42\n#\n\n\n\n\nZ_^IBKX\2FCDOqCw\nt\n\2D_Gu"..., 45 <unfinished ...>
2646  <... read resumed>"18\n\0332222222`wfg`|2\")\03039\n\7\7\7\7\7\7\7A"..., 1000) = 63
2647  <... write resumed>)              = 45
2646  write(4, "18\n\0332222222`wfg`|2\")\03039\n\7\7\7\7\7\7\7A"..., 63 <unfinished ...>
2647  write(1, "9\n)))))))t\3", 11 <unfinished ...>
2646  <... write resumed>)              = 63
2647  <... write resumed>)              = 11
2646  read(7,  <unfinished ...>
2647  read(0,  <unfinished ...>
2646  <... read resumed>"42\n#\n\n\n\n\nZ_^IBKX\2FCDOqCw\nt\n\2D_Gu"..., 1000) = 56
2647  <... read resumed>"       fflush(stdout);\n5\n   }\n15"..., 4096) = 52
2646  write(4, "42\n#\n\n\n\n\nZ_^IBKX\2FCDOqCw\nt\n\2D_Gu"..., 56 <unfinished ...>
2647  write(1, "23\n7777777qq{bd\177?dcsxbc>,\35", 26 <unfinished ...>
2646  <... write resumed>)              = 56
2647  <... write resumed>)              = 26
2646  read(7,  <unfinished ...>
2647  write(1, "5\n%%%x\17", 7 <unfinished ...>
2646  <... read resumed>"23\n7777777qq{bd\177?dcsxbc>,\35", 1000) = 26
2647  <... write resumed>)              = 7
2646  write(4, "23\n7777777qq{bd\177?dcsxbc>,\35", 26 <unfinished ...>
2647  write(1, "15\n///}j{z}a/?4//\5", 18 <unfinished ...>
2646  <... write resumed>)              = 26
2647  <... write resumed>)              = 18
2646  read(7,  <unfinished ...>
2647  write(1, "2\n\177\10", 4 <unfinished ...>
2646  <... read resumed>"5\n%%%x\01715\n///}j{z}a/?4//\5", 1000) = 25
2647  <... write resumed>)              = 4
2646  write(4, "5\n%%%x\01715\n///}j{z}a/?4//\5", 25 <unfinished ...>
2647  read(0,  <unfinished ...>
2646  <... write resumed>)              = 25
2647  <... read resumed>"", 4096)       = 0
2646  read(7, "2\n\177\10", 1000)       = 4
2647  exit_group(0 <unfinished ...>
2646  write(4, "2\n\177\10", 4 <unfinished ...>
2647  <... exit_group resumed>)         = ?
2646  <... write resumed>)              = 4
2646  read(7, "", 1000)                 = 0
2647  +++ exited with 0 +++
2646  --- SIGCHLD {si_signo=SIGCHLD, si_code=CLD_EXITED, si_pid=2647, si_uid=1000, si_status=0, si_utime=0, si_stime=0} ---
2646  exit_group(0)                     = ?
2646  +++ exited with 0 +++
